"dcf2edif" 4.9
(C) Copyright 1992-1998 Digital Equipment Corp.
(C) Copyright 1998-2000 Compaq Computer Corp.
(C) Copyright 2002-2003 Hewlett-Packard Company.
All rights reserved

Creating stream.edn ... 
Using virtex partition while waiting for virtex2 to be implemented
